[15Jan2026 17:32:43.635] [main/INFO] [cpw.mods.modlauncher.Launcher/MODLAUNCHER]: ModLauncher running: args [--launchTarget, forgeclientdev, --version, 21.1.211, --assetIndex, 17, --assetsDir, /Users/fengyue.john.zhu/.gradle/caches/neoformruntime/assets, --gameDir, ., --fml.fmlVersion, 4.0.42, --fml.mcVersion, 1.21.1, --fml.neoForgeVersion, 21.1.211, --fml.neoFormVersion, 20240808.144430]
[15Jan2026 17:32:43.637] [main/INFO] [cpw.mods.modlauncher.Launcher/MODLAUNCHER]: JVM identified as Oracle Corporation Java HotSpot(TM) 64-Bit Server VM 21.0.8+12-LTS-250
[15Jan2026 17:32:43.638] [main/INFO] [cpw.mods.modlauncher.Launcher/MODLAUNCHER]: ModLauncher 11.0.5+main.901c6ea8 starting: java version 21.0.8 by Oracle Corporation; OS Mac OS X arch aarch64 version 15.6.1
[15Jan2026 17:32:43.692] [main/INFO] [net.neoforged.fml.loading.ImmediateWindowHandler/]: Loading ImmediateWindowProvider fmlearlywindow
[15Jan2026 17:32:43.868] [main/INFO] [EARLYDISPLAY/]: Trying GL version 4.6
[15Jan2026 17:32:43.920] [main/INFO] [EARLYDISPLAY/]: Trying GL version 4.5
[15Jan2026 17:32:43.930] [main/INFO] [EARLYDISPLAY/]: Trying GL version 4.4
[15Jan2026 17:32:43.936] [main/INFO] [EARLYDISPLAY/]: Trying GL version 4.3
[15Jan2026 17:32:43.942] [main/INFO] [EARLYDISPLAY/]: Trying GL version 4.2
[15Jan2026 17:32:43.948] [main/INFO] [EARLYDISPLAY/]: Trying GL version 4.1
[15Jan2026 17:32:43.960] [main/INFO] [EARLYDISPLAY/]: Requested GL version 4.1 got version 4.1
[15Jan2026 17:32:44.048] [main/INFO] [mixin/]: SpongePowered MIXIN Subsystem Version=0.8.7 Source=union:/Users/fengyue.john.zhu/.gradle/caches/modules-2/files-2.1/net.fabricmc/sponge-mixin/0.15.2+mixin.0.8.7/2af2f021d8e02a0220dc27a7a72b4666d66d44ca/sponge-mixin-0.15.2+mixin.0.8.7.jar%23132!/ Service=ModLauncher Env=CLIENT
[15Jan2026 17:32:44.279] [main/INFO] [net.neoforged.fml.loading.moddiscovery.locators.JarInJarDependencyLocator/]: Found 2 dependencies adding them to mods collection
[15Jan2026 17:32:44.281] [main/INFO] [net.neoforged.fml.loading.moddiscovery.ModDiscoverer/]: 
     Mod List:
		Name Version (Mod Id)

		Central Heater 1.2.2 (central_heater)
		Just Enough Items 19.25.0.325 (jei)
		Minecraft 1.21.1 (minecraft)
		NeoForge 21.1.211 (neoforge)
[15Jan2026 17:32:44.556] [pool-2-thread-1/INFO] [EARLYDISPLAY/]: GL info: Apple M1 Pro GL version 4.1 Metal - 89.4, Apple
[15Jan2026 17:32:44.950] [main/INFO] [mixin/]: Compatibility level set to JAVA_21
[15Jan2026 17:32:44.954] [main/INFO] [cpw.mods.modlauncher.LaunchServiceHandler/MODLAUNCHER]: Launching target 'forgeclientdev' with arguments [--version, 21.1.211, --gameDir, ., --assetsDir, /Users/fengyue.john.zhu/.gradle/caches/neoformruntime/assets, --assetIndex, 17]
[15Jan2026 17:32:45.788] [Datafixer Bootstrap/INFO] [com.mojang.datafixers.DataFixerBuilder/]: 229 Datafixer optimizations took 174 milliseconds
[15Jan2026 17:32:46.871] [pool-8-thread-1/INFO] [MixinExtras|Service/]: Initializing MixinExtras via com.llamalad7.mixinextras.service.MixinExtrasServiceImpl(version=0.5.0).
[15Jan2026 17:32:47.713] [pool-8-thread-1/WARN] [mixin/]: @Inject(@At("INVOKE")) Shift.BY=2 on central_heater.mixins.json:AbstractFurnaceBlockEntityMixin from mod central_heater::handler$zzg000$central_heater$tickAsh exceeds the maximum allowed value: 0. Increase the value of maxShiftBy to suppress this warning.
[15Jan2026 17:32:50.199] [main/WARN] [net.minecraft.commands.Commands/]: Ambiguity between arguments [teleport, location] and [teleport, destination] with inputs: [0.1 -0.5 .9, 0 0 0]
[15Jan2026 17:32:50.200] [main/WARN] [net.minecraft.commands.Commands/]: Ambiguity between arguments [teleport, location] and [teleport, targets] with inputs: [0.1 -0.5 .9, 0 0 0]
[15Jan2026 17:32:50.201] [main/WARN] [net.minecraft.commands.Commands/]: Ambiguity between arguments [teleport, destination] and [teleport, targets] with inputs: [Player, 0123, @e, dd12be42-52a9-4a91-a8a1-11c01849e498]
[15Jan2026 17:32:50.202] [main/WARN] [net.minecraft.commands.Commands/]: Ambiguity between arguments [teleport, targets] and [teleport, destination] with inputs: [Player, 0123, dd12be42-52a9-4a91-a8a1-11c01849e498]
[15Jan2026 17:32:50.202] [main/WARN] [net.minecraft.commands.Commands/]: Ambiguity between arguments [teleport, targets, location] and [teleport, targets, destination] with inputs: [0.1 -0.5 .9, 0 0 0]
[15Jan2026 17:32:50.261] [Render thread/WARN] [net.minecraft.server.packs.VanillaPackResourcesBuilder/]: Assets URL 'union:/Users/fengyue.john.zhu/Documents/central_heater/build/moddev/artifacts/neoforge-21.1.211.jar%23184!/assets/.mcassetsroot' uses unexpected schema
[15Jan2026 17:32:50.262] [Render thread/WARN] [net.minecraft.server.packs.VanillaPackResourcesBuilder/]: Assets URL 'union:/Users/fengyue.john.zhu/Documents/central_heater/build/moddev/artifacts/neoforge-21.1.211.jar%23184!/data/.mcassetsroot' uses unexpected schema
[15Jan2026 17:32:50.273] [Render thread/INFO] [com.mojang.authlib.yggdrasil.YggdrasilAuthenticationService/]: Environment: Environment[sessionHost=https://sessionserver.mojang.com, servicesHost=https://api.minecraftservices.com, name=PROD]
[15Jan2026 17:32:50.278] [Render thread/INFO] [net.minecraft.client.Minecraft/]: Setting user: Dev
[15Jan2026 17:32:50.318] [Render thread/INFO] [net.minecraft.client.Minecraft/]: Backend library: LWJGL version 3.3.3+5
[15Jan2026 17:32:50.667] [modloading-worker-0/INFO] [net.neoforged.neoforge.common.NeoForgeMod/NEOFORGE-MOD]: NeoForge mod loading, version 21.1.211, for MC 1.21.1
[15Jan2026 17:32:50.710] [modloading-worker-0/INFO] [mezz.jei.library.load.PluginCaller/]: Sending ConfigManager...
[15Jan2026 17:32:50.711] [modloading-worker-0/INFO] [mezz.jei.library.load.PluginCaller/]: Sending ConfigManager took 845.2 microseconds
[15Jan2026 17:32:51.304] [Render thread/INFO] [net.neoforged.neoforge.gametest.GameTestHooks/]: Enabled Gametest Namespaces: [central_heater]
[15Jan2026 17:32:51.552] [Render thread/INFO] [net.minecraft.server.packs.resources.ReloadableResourceManager/]: Reloading ResourceManager: vanilla, mod_resources, mod/neoforge, mod/central_heater, mod/jei
[15Jan2026 17:32:51.616] [Worker-Main-6/INFO] [net.minecraft.client.gui.font.providers.UnihexProvider/]: Found unifont_all_no_pua-15.1.05.hex, loading
[15Jan2026 17:32:51.692] [Worker-Main-1/INFO] [net.minecraft.client.gui.font.providers.UnihexProvider/]: Found unifont_jp_patch-15.1.05.hex, loading
[15Jan2026 17:32:52.564] [Render thread/WARN] [net.minecraft.client.sounds.SoundEngine/]: Missing sound for event: minecraft:item.goat_horn.play
[15Jan2026 17:32:52.564] [Render thread/WARN] [net.minecraft.client.sounds.SoundEngine/]: Missing sound for event: minecraft:entity.goat.screaming.horn_break
[15Jan2026 17:32:54.624] [Render thread/INFO] [com.mojang.blaze3d.audio.Library/]: OpenAL initialized on device External Headphones
[15Jan2026 17:32:54.625] [Render thread/INFO] [net.minecraft.client.sounds.SoundEngine/SOUNDS]: Sound engine started
[15Jan2026 17:32:54.693] [Render thread/INFO] [net.minecraft.client.renderer.texture.TextureAtlas/]: Created: 1024x512x4 minecraft:textures/atlas/blocks.png-atlas
[15Jan2026 17:32:54.703] [Render thread/INFO] [net.minecraft.client.renderer.texture.TextureAtlas/]: Created: 256x256x4 minecraft:textures/atlas/signs.png-atlas
[15Jan2026 17:32:54.704] [Render thread/INFO] [net.minecraft.client.renderer.texture.TextureAtlas/]: Created: 512x512x4 minecraft:textures/atlas/shield_patterns.png-atlas
[15Jan2026 17:32:54.704] [Render thread/INFO] [net.minecraft.client.renderer.texture.TextureAtlas/]: Created: 512x512x4 minecraft:textures/atlas/banner_patterns.png-atlas
[15Jan2026 17:32:54.705] [Render thread/INFO] [net.minecraft.client.renderer.texture.TextureAtlas/]: Created: 1024x1024x4 minecraft:textures/atlas/armor_trims.png-atlas
[15Jan2026 17:32:54.708] [Render thread/INFO] [net.minecraft.client.renderer.texture.TextureAtlas/]: Created: 256x256x4 minecraft:textures/atlas/chest.png-atlas
[15Jan2026 17:32:54.709] [Render thread/INFO] [net.minecraft.client.renderer.texture.TextureAtlas/]: Created: 128x64x4 minecraft:textures/atlas/decorated_pot.png-atlas
[15Jan2026 17:32:54.709] [Render thread/INFO] [net.minecraft.client.renderer.texture.TextureAtlas/]: Created: 512x256x4 minecraft:textures/atlas/beds.png-atlas
[15Jan2026 17:32:54.709] [Render thread/INFO] [net.minecraft.client.renderer.texture.TextureAtlas/]: Created: 512x256x4 minecraft:textures/atlas/shulker_boxes.png-atlas
[15Jan2026 17:32:54.743] [Render thread/INFO] [net.minecraft.client.renderer.texture.TextureAtlas/]: Created: 512x256x0 minecraft:textures/atlas/particles.png-atlas
[15Jan2026 17:32:54.744] [Render thread/INFO] [net.minecraft.client.renderer.texture.TextureAtlas/]: Created: 512x256x0 minecraft:textures/atlas/paintings.png-atlas
[15Jan2026 17:32:54.744] [Render thread/INFO] [net.minecraft.client.renderer.texture.TextureAtlas/]: Created: 256x128x0 minecraft:textures/atlas/mob_effects.png-atlas
[15Jan2026 17:32:54.745] [Render thread/INFO] [net.minecraft.client.renderer.texture.TextureAtlas/]: Created: 64x64x0 minecraft:textures/atlas/map_decorations.png-atlas
[15Jan2026 17:32:54.745] [Render thread/INFO] [net.minecraft.client.renderer.texture.TextureAtlas/]: Created: 1024x512x0 minecraft:textures/atlas/gui.png-atlas
[15Jan2026 17:32:54.783] [Render thread/WARN] [net.minecraft.client.renderer.ShaderInstance/]: Shader rendertype_entity_translucent_emissive could not find sampler named Sampler2 in the specified shader program.
[15Jan2026 17:32:54.853] [Render thread/INFO] [net.neoforged.neoforge.client.entity.animation.json.AnimationLoader/]: Loaded 0 entity animations
[15Jan2026 17:32:54.853] [Render thread/INFO] [net.minecraft.client.renderer.texture.TextureAtlas/]: Created: 256x256x0 jei:textures/atlas/gui.png-atlas
[15Jan2026 17:32:58.404] [Render thread/INFO] [net.minecraft.world.item.crafting.RecipeManager/]: Loaded 1495 recipes
[15Jan2026 17:32:58.493] [Render thread/INFO] [net.minecraft.advancements.AdvancementTree/]: Loaded 1648 advancements
[15Jan2026 17:32:58.888] [Server thread/INFO] [net.minecraft.client.server.IntegratedServer/]: Starting integrated minecraft server version 1.21.1
[15Jan2026 17:32:58.888] [Server thread/INFO] [net.minecraft.server.MinecraftServer/]: Generating keypair
[15Jan2026 17:33:00.000] [Server thread/INFO] [net.minecraft.server.MinecraftServer/]: Preparing start region for dimension minecraft:overworld
[15Jan2026 17:33:00.227] [progressListener/INFO] [net.minecraft.server.level.progress.LoggerChunkProgressListener/]: Preparing spawn area: 0%
[15Jan2026 17:33:00.308] [Server thread/INFO] [net.neoforged.neoforge.server.permission.PermissionAPI/]: Successfully initialized permission handler neoforge:default_handler
[15Jan2026 17:33:00.321] [progressListener/INFO] [net.minecraft.server.level.progress.LoggerChunkProgressListener/]: Time elapsed: 314 ms
[15Jan2026 17:33:00.382] [Server thread/INFO] [net.minecraft.client.server.IntegratedServer/]: Changing view distance to 11, from 10
[15Jan2026 17:33:00.383] [Server thread/INFO] [net.minecraft.client.server.IntegratedServer/]: Changing simulation distance to 12, from 0
[15Jan2026 17:33:00.729] [Server thread/WARN] [net.minecraft.server.PlayerAdvancements/]: Ignored advancement 'central_heater:recipes/bone_block_to_ancient_debris_fire_2' in progress file ./saves/New World/advancements/380df991-f603-344c-a090-369bad2a924a.json - it doesn't exist anymore?
[15Jan2026 17:33:00.746] [Server thread/ERROR] [net.minecraft.stats.ServerRecipeBook/]: Tried to load unrecognized recipe: central_heater:bone_block_to_ancient_debris_fire_2 removed now.
[15Jan2026 17:33:00.747] [Server thread/ERROR] [net.minecraft.stats.ServerRecipeBook/]: Tried to load unrecognized recipe: central_heater:bone_block_to_ancient_debris_fire_2 removed now.
[15Jan2026 17:33:00.747] [Server thread/INFO] [net.minecraft.server.players.PlayerList/]: Dev[local:E:4f71b69e] logged in with entity id 89 at (-8.213838206566441, 72.92159999847412, 21.551848146268036)
[15Jan2026 17:33:00.782] [Server thread/INFO] [net.minecraft.server.MinecraftServer/]: Dev joined the game
[15Jan2026 17:33:00.848] [Render thread/WARN] [net.minecraft.client.ClientRecipeBook/]: Unknown recipe category: central_heater:smoldering/minecraft:recipe_with_stone_brick_time_400_tier_2_with_flame_level_1
[15Jan2026 17:33:00.848] [Render thread/WARN] [net.minecraft.client.ClientRecipeBook/]: Unknown recipe category: central_heater:smoldering/minecraft:recipe_with_soul_mixture_time_200_tier_2_with_flame_level_1
[15Jan2026 17:33:00.848] [Render thread/WARN] [net.minecraft.client.ClientRecipeBook/]: Unknown recipe category: central_heater:smoldering/minecraft:recipe_with_deepslate_brick_time_400_tier_2_with_flame_level_1
[15Jan2026 17:33:00.848] [Render thread/WARN] [net.minecraft.client.ClientRecipeBook/]: Unknown recipe category: central_heater:smoldering/minecraft:recipe_with_white_concrete_time_100_tier_0_with_flame_level_0
[15Jan2026 17:33:00.848] [Render thread/WARN] [net.minecraft.client.ClientRecipeBook/]: Unknown recipe category: central_heater:smoldering/minecraft:recipe_with_clay_bit_time_200_tier_1_with_flame_level_0
[15Jan2026 17:33:00.848] [Render thread/WARN] [net.minecraft.client.ClientRecipeBook/]: Unknown recipe category: central_heater:smoldering/minecraft:recipe_with_green_concrete_time_100_tier_0_with_flame_level_0
[15Jan2026 17:33:00.848] [Render thread/WARN] [net.minecraft.client.ClientRecipeBook/]: Unknown recipe category: central_heater:smoldering/minecraft:recipe_with_purple_concrete_time_100_tier_0_with_flame_level_0
[15Jan2026 17:33:00.848] [Render thread/WARN] [net.minecraft.client.ClientRecipeBook/]: Unknown recipe category: central_heater:smoldering/minecraft:recipe_with_gray_concrete_time_100_tier_0_with_flame_level_0
[15Jan2026 17:33:00.848] [Render thread/WARN] [net.minecraft.client.ClientRecipeBook/]: Unknown recipe category: central_heater:smoldering/minecraft:recipe_with_sturdy_brick_time_1000_tier_3_with_flame_level_1
[15Jan2026 17:33:00.848] [Render thread/WARN] [net.minecraft.client.ClientRecipeBook/]: Unknown recipe category: central_heater:smoldering/minecraft:recipe_with_coal_time_400_tier_2_with_flame_level_2
[15Jan2026 17:33:00.848] [Render thread/WARN] [net.minecraft.client.ClientRecipeBook/]: Unknown recipe category: central_heater:smoldering/minecraft:recipe_with_lime_concrete_time_100_tier_0_with_flame_level_0
[15Jan2026 17:33:00.848] [Render thread/WARN] [net.minecraft.client.ClientRecipeBook/]: Unknown recipe category: central_heater:smoldering/minecraft:recipe_with_brown_concrete_time_100_tier_0_with_flame_level_0
[15Jan2026 17:33:00.848] [Render thread/WARN] [net.minecraft.client.ClientRecipeBook/]: Unknown recipe category: central_heater:smoldering/minecraft:recipe_with_bone_meal_time_400_tier_1_with_flame_level_1
[15Jan2026 17:33:00.848] [Render thread/WARN] [net.minecraft.client.ClientRecipeBook/]: Unknown recipe category: central_heater:smoldering/minecraft:recipe_with_magenta_concrete_time_100_tier_0_with_flame_level_0
[15Jan2026 17:33:00.848] [Render thread/WARN] [net.minecraft.client.ClientRecipeBook/]: Unknown recipe category: central_heater:smoldering/minecraft:recipe_with_pink_concrete_time_100_tier_0_with_flame_level_0
[15Jan2026 17:33:00.848] [Render thread/WARN] [net.minecraft.client.ClientRecipeBook/]: Unknown recipe category: central_heater:smoldering/minecraft:recipe_with_blue_concrete_time_100_tier_0_with_flame_level_0
[15Jan2026 17:33:00.849] [Render thread/WARN] [net.minecraft.client.ClientRecipeBook/]: Unknown recipe category: central_heater:smoldering/minecraft:recipe_with_slime_ball_time_400_tier_1_with_flame_level_1
[15Jan2026 17:33:00.849] [Render thread/WARN] [net.minecraft.client.ClientRecipeBook/]: Unknown recipe category: central_heater:smoldering/minecraft:recipe_with_wheat_dough_time_200_tier_1_with_flame_level_0
[15Jan2026 17:33:00.849] [Render thread/WARN] [net.minecraft.client.ClientRecipeBook/]: Unknown recipe category: central_heater:smoldering/minecraft:recipe_with_red_concrete_time_100_tier_0_with_flame_level_0
[15Jan2026 17:33:00.849] [Render thread/WARN] [net.minecraft.client.ClientRecipeBook/]: Unknown recipe category: central_heater:smoldering/minecraft:recipe_with_black_concrete_time_100_tier_0_with_flame_level_0
[15Jan2026 17:33:00.849] [Render thread/WARN] [net.minecraft.client.ClientRecipeBook/]: Unknown recipe category: central_heater:smoldering/minecraft:recipe_with_water_time_200_tier_1_with_flame_level_1
[15Jan2026 17:33:00.849] [Render thread/WARN] [net.minecraft.client.ClientRecipeBook/]: Unknown recipe category: central_heater:smoldering/minecraft:recipe_with_gunpowder_gunpowder_time_400_tier_2_with_flame_level_1
[15Jan2026 17:33:00.849] [Render thread/WARN] [net.minecraft.client.ClientRecipeBook/]: Unknown recipe category: central_heater:smoldering/minecraft:recipe_with_light_gray_concrete_time_100_tier_0_with_flame_level_0
[15Jan2026 17:33:00.849] [Render thread/WARN] [net.minecraft.client.ClientRecipeBook/]: Unknown recipe category: central_heater:smoldering/minecraft:recipe_with_yellow_concrete_time_100_tier_0_with_flame_level_0
[15Jan2026 17:33:00.849] [Render thread/WARN] [net.minecraft.client.ClientRecipeBook/]: Unknown recipe category: central_heater:smoldering/minecraft:recipe_with_light_blue_concrete_time_100_tier_0_with_flame_level_0
[15Jan2026 17:33:00.849] [Render thread/WARN] [net.minecraft.client.ClientRecipeBook/]: Unknown recipe category: central_heater:smoldering/minecraft:recipe_with_orange_concrete_time_100_tier_0_with_flame_level_0
[15Jan2026 17:33:00.849] [Render thread/WARN] [net.minecraft.client.ClientRecipeBook/]: Unknown recipe category: central_heater:smoldering/minecraft:recipe_with_cyan_concrete_time_100_tier_0_with_flame_level_0
[15Jan2026 17:33:00.849] [Render thread/WARN] [net.minecraft.client.ClientRecipeBook/]: Unknown recipe category: central_heater:smoldering/minecraft:recipe_with_slime_ball_lava_time_400_tier_3_with_flame_level_2
[15Jan2026 17:33:00.852] [Render thread/INFO] [mezz.jei.core.util.LoggedTimer/]: Starting JEI...
[15Jan2026 17:33:00.855] [Render thread/INFO] [mezz.jei.library.load.PluginCaller/]: Registering item subtypes...
[15Jan2026 17:33:00.857] [Render thread/INFO] [mezz.jei.library.load.PluginCaller/]: Registering item subtypes took 1.654 milliseconds
[15Jan2026 17:33:00.857] [Render thread/INFO] [mezz.jei.library.load.PluginCaller/]: Registering fluid subtypes...
[15Jan2026 17:33:00.857] [Render thread/INFO] [mezz.jei.library.load.PluginCaller/]: Registering fluid subtypes took 576.0 microseconds
[15Jan2026 17:33:00.858] [Render thread/INFO] [mezz.jei.library.load.PluginCaller/]: Registering ingredients...
[15Jan2026 17:33:00.919] [Render thread/INFO] [mezz.jei.library.load.PluginCallerTimerRunnable/]: Registering ingredients: jei:minecraft took 60.62 milliseconds
[15Jan2026 17:33:00.919] [Render thread/INFO] [mezz.jei.library.load.PluginCaller/]: Registering ingredients took 61.04 milliseconds
[15Jan2026 17:33:00.919] [Render thread/INFO] [mezz.jei.library.load.PluginCaller/]: Registering extra ingredients...
[15Jan2026 17:33:00.920] [Render thread/INFO] [mezz.jei.library.load.PluginCaller/]: Registering extra ingredients took 239.7 microseconds
[15Jan2026 17:33:00.920] [Render thread/INFO] [mezz.jei.library.load.PluginCaller/]: Registering search ingredient aliases...
[15Jan2026 17:33:00.920] [Render thread/INFO] [mezz.jei.library.load.PluginCaller/]: Registering search ingredient aliases took 416.1 microseconds
[15Jan2026 17:33:00.927] [Render thread/INFO] [mezz.jei.library.load.PluginCaller/]: Registering Mod Info...
[15Jan2026 17:33:00.927] [Render thread/INFO] [mezz.jei.library.load.PluginCaller/]: Registering Mod Info took 312.4 microseconds
[15Jan2026 17:33:00.937] [Render thread/INFO] [mezz.jei.library.load.PluginCaller/]: Registering categories...
[15Jan2026 17:33:00.948] [Render thread/INFO] [mezz.jei.library.load.PluginCaller/]: Registering categories took 11.04 milliseconds
[15Jan2026 17:33:00.948] [Render thread/INFO] [mezz.jei.library.load.PluginCaller/]: Registering vanilla category extensions...
[15Jan2026 17:33:00.949] [Render thread/INFO] [mezz.jei.library.load.PluginCaller/]: Registering vanilla category extensions took 973.5 microseconds
[15Jan2026 17:33:00.950] [Render thread/INFO] [mezz.jei.library.load.PluginCaller/]: Registering recipe catalysts...
[15Jan2026 17:33:00.951] [Render thread/INFO] [mezz.jei.library.load.PluginCaller/]: Registering recipe catalysts took 787.3 microseconds
[15Jan2026 17:33:00.951] [Render thread/INFO] [mezz.jei.core.util.LoggedTimer/]: Building recipe registry...
[15Jan2026 17:33:00.958] [Render thread/INFO] [mezz.jei.core.util.LoggedTimer/]: Building recipe registry took 7.320 milliseconds
[15Jan2026 17:33:00.959] [Render thread/INFO] [mezz.jei.library.load.PluginCaller/]: Registering advanced plugins...
[15Jan2026 17:33:00.959] [Render thread/INFO] [mezz.jei.library.load.PluginCaller/]: Registering advanced plugins took 274.4 microseconds
[15Jan2026 17:33:00.959] [Render thread/INFO] [mezz.jei.library.load.PluginCaller/]: Registering recipes...
[15Jan2026 17:33:01.170] [Render thread/INFO] [mezz.jei.library.load.PluginCallerTimerRunnable/]: Registering recipes: jei:minecraft took 210.7 milliseconds
[15Jan2026 17:33:01.188] [Render thread/INFO] [mezz.jei.library.load.PluginCallerTimerRunnable/]: Registering recipes: central_heater:jei took 18.07 milliseconds
[15Jan2026 17:33:01.210] [Render thread/INFO] [mezz.jei.library.load.PluginCallerTimerRunnable/]: Registering recipes: jei:internal took 20.87 milliseconds
[15Jan2026 17:33:01.210] [Render thread/INFO] [mezz.jei.library.load.PluginCaller/]: Registering recipes took 250.3 milliseconds
[15Jan2026 17:33:01.213] [Render thread/INFO] [mezz.jei.library.load.PluginCaller/]: Registering recipes transfer handlers...
[15Jan2026 17:33:01.215] [Render thread/INFO] [mezz.jei.library.load.PluginCaller/]: Registering recipes transfer handlers took 1.492 milliseconds
[15Jan2026 17:33:01.220] [Render thread/INFO] [mezz.jei.core.util.LoggedTimer/]: Building runtime...
[15Jan2026 17:33:01.222] [Render thread/INFO] [mezz.jei.library.load.PluginCaller/]: Registering gui handlers...
[15Jan2026 17:33:01.225] [Render thread/INFO] [mezz.jei.library.load.PluginCaller/]: Registering gui handlers took 2.546 milliseconds
[15Jan2026 17:33:01.226] [Render thread/INFO] [mezz.jei.library.load.PluginCaller/]: Registering Runtime...
[15Jan2026 17:33:01.227] [Render thread/INFO] [mezz.jei.gui.startup.JeiGuiStarter/]: Starting JEI GUI
[15Jan2026 17:33:01.227] [Render thread/INFO] [mezz.jei.core.util.LoggedTimer/]: Building ingredient list...
[15Jan2026 17:33:01.250] [Render thread/INFO] [mezz.jei.core.util.LoggedTimer/]: Building ingredient list took 22.93 milliseconds
[15Jan2026 17:33:01.250] [Render thread/INFO] [mezz.jei.core.util.LoggedTimer/]: Building ingredient filter...
[15Jan2026 17:33:01.264] [Render thread/INFO] [mezz.jei.gui.ingredients.IngredientFilter/]: Adding 1761 ingredients
[15Jan2026 17:33:01.379] [Render thread/INFO] [mezz.jei.gui.ingredients.IngredientFilter/]: Added 1761 ingredients
[15Jan2026 17:33:01.380] [Render thread/INFO] [mezz.jei.core.util.LoggedTimer/]: Building ingredient filter took 129.3 milliseconds
[15Jan2026 17:33:01.408] [Render thread/INFO] [mezz.jei.library.load.PluginCallerTimerRunnable/]: Registering Runtime: jei:neoforge_gui took 181.8 milliseconds
[15Jan2026 17:33:01.408] [Render thread/INFO] [mezz.jei.library.load.PluginCaller/]: Registering Runtime took 182.2 milliseconds
[15Jan2026 17:33:01.409] [Render thread/INFO] [mezz.jei.core.util.LoggedTimer/]: Building runtime took 188.5 milliseconds
[15Jan2026 17:33:01.409] [Render thread/INFO] [mezz.jei.library.load.PluginCaller/]: Sending Runtime...
[15Jan2026 17:33:01.409] [Render thread/INFO] [mezz.jei.library.load.PluginCaller/]: Sending Runtime took 262.5 microseconds
[15Jan2026 17:33:01.409] [Render thread/INFO] [mezz.jei.core.util.LoggedTimer/]: Starting JEI took 557.2 milliseconds
[15Jan2026 17:33:01.415] [Server thread/WARN] [net.minecraft.server.level.ServerEntity/]: Fetching packet for removed entity ItemEntity['Air'/16, l='ServerLevel[New World]', x=-10.50, y=72.80, z=20.50, removed=DISCARDED]
[15Jan2026 17:33:01.415] [Server thread/WARN] [net.minecraft.server.level.ServerEntity/]: Fetching packet for removed entity ItemEntity['Air'/17, l='ServerLevel[New World]', x=-10.50, y=72.80, z=20.50, removed=DISCARDED]
[15Jan2026 17:33:01.415] [Server thread/WARN] [net.minecraft.server.level.ServerEntity/]: Fetching packet for removed entity ItemEntity['Air'/18, l='ServerLevel[New World]', x=-10.50, y=72.80, z=20.50, removed=DISCARDED]
[15Jan2026 17:33:01.416] [Server thread/WARN] [net.minecraft.server.level.ServerEntity/]: Fetching packet for removed entity ItemEntity['Air'/15, l='ServerLevel[New World]', x=-10.50, y=72.80, z=20.50, removed=DISCARDED]
[15Jan2026 17:33:01.418] [Render thread/INFO] [net.minecraft.advancements.AdvancementTree/]: Loaded 24 advancements
[15Jan2026 17:33:16.491] [Server thread/INFO] [net.minecraft.server.MinecraftServer/]: [Dev: Set the target tick rate to 1000.0 per second]
[15Jan2026 17:33:16.499] [Render thread/INFO] [net.minecraft.client.gui.components.ChatComponent/]: [System] [CHAT] Set the target tick rate to 1000.0 per second
[15Jan2026 17:33:17.953] [Server thread/WARN] [net.minecraft.server.MinecraftServer/]: Can't keep up! Is the server overloaded? Running 1021ms or 1021 ticks behind
[15Jan2026 17:33:18.073] [Server thread/INFO] [net.minecraft.client.server.IntegratedServer/]: Saving and pausing game...
[15Jan2026 17:33:18.083] [Server thread/INFO] [net.minecraft.server.MinecraftServer/]: Saving chunks for level 'ServerLevel[New World]'/minecraft:overworld
[15Jan2026 17:33:18.104] [Server thread/INFO] [net.minecraft.server.MinecraftServer/]: Saving chunks for level 'ServerLevel[New World]'/minecraft:the_end
[15Jan2026 17:33:18.104] [Server thread/INFO] [net.minecraft.server.MinecraftServer/]: Saving chunks for level 'ServerLevel[New World]'/minecraft:the_nether
[15Jan2026 17:33:41.668] [Server thread/WARN] [net.minecraft.server.MinecraftServer/]: Can't keep up! Is the server overloaded? Running 13615ms or 13615 ticks behind
[15Jan2026 17:33:53.448] [Server thread/INFO] [net.minecraft.server.MinecraftServer/]: Dev has completed the challenge [Ancient Alchemy]
[15Jan2026 17:33:53.457] [Render thread/INFO] [net.minecraft.client.gui.components.ChatComponent/]: [System] [CHAT] Dev has completed the challenge [Ancient Alchemy]
[15Jan2026 17:33:53.457] [Render thread/INFO] [net.minecraft.advancements.AdvancementTree/]: Loaded 24 advancements
[15Jan2026 17:33:59.354] [Server thread/INFO] [net.minecraft.client.server.IntegratedServer/]: Saving and pausing game...
[15Jan2026 17:33:59.358] [Server thread/INFO] [net.minecraft.server.MinecraftServer/]: Saving chunks for level 'ServerLevel[New World]'/minecraft:overworld
[15Jan2026 17:33:59.416] [Server thread/INFO] [net.minecraft.server.MinecraftServer/]: Saving chunks for level 'ServerLevel[New World]'/minecraft:the_end
[15Jan2026 17:33:59.416] [Server thread/INFO] [net.minecraft.server.MinecraftServer/]: Saving chunks for level 'ServerLevel[New World]'/minecraft:the_nether
[15Jan2026 17:33:59.420] [Server thread/WARN] [net.minecraft.server.MinecraftServer/]: Can't keep up! Is the server overloaded? Running 7652ms or 7652 ticks behind
[15Jan2026 17:34:06.748] [Render thread/INFO] [net.minecraft.advancements.AdvancementTree/]: Loaded 25 advancements
[15Jan2026 17:34:09.522] [Render thread/INFO] [net.minecraft.advancements.AdvancementTree/]: Loaded 26 advancements
[15Jan2026 17:34:22.574] [Server thread/WARN] [net.minecraft.server.MinecraftServer/]: Can't keep up! Is the server overloaded? Running 13055ms or 13055 ticks behind
[15Jan2026 17:34:47.554] [Server thread/WARN] [net.minecraft.server.MinecraftServer/]: Can't keep up! Is the server overloaded? Running 14881ms or 14881 ticks behind
[15Jan2026 17:34:51.696] [Server thread/INFO] [net.minecraft.server.MinecraftServer/]: Dev has made the advancement [Artificial Diamond]
[15Jan2026 17:34:51.705] [Render thread/INFO] [net.minecraft.client.gui.components.ChatComponent/]: [System] [CHAT] Dev has made the advancement [Artificial Diamond]
[15Jan2026 17:34:51.706] [Render thread/INFO] [net.minecraft.advancements.AdvancementTree/]: Loaded 26 advancements
[15Jan2026 17:35:13.800] [Server thread/WARN] [net.minecraft.server.MinecraftServer/]: Can't keep up! Is the server overloaded? Running 16146ms or 16146 ticks behind
[15Jan2026 17:35:26.855] [Server thread/INFO] [net.minecraft.client.server.IntegratedServer/]: Saving and pausing game...
[15Jan2026 17:35:26.859] [Server thread/INFO] [net.minecraft.server.MinecraftServer/]: Saving chunks for level 'ServerLevel[New World]'/minecraft:overworld
[15Jan2026 17:35:27.027] [Server thread/INFO] [net.minecraft.server.MinecraftServer/]: Saving chunks for level 'ServerLevel[New World]'/minecraft:the_end
[15Jan2026 17:35:27.027] [Server thread/INFO] [net.minecraft.server.MinecraftServer/]: Saving chunks for level 'ServerLevel[New World]'/minecraft:the_nether
[15Jan2026 17:35:27.032] [Server thread/WARN] [net.minecraft.server.MinecraftServer/]: Can't keep up! Is the server overloaded? Running 3132ms or 3132 ticks behind
[15Jan2026 17:35:29.841] [Server thread/INFO] [net.minecraft.client.server.IntegratedServer/]: Saving and pausing game...
[15Jan2026 17:35:29.843] [Server thread/INFO] [net.minecraft.server.MinecraftServer/]: Saving chunks for level 'ServerLevel[New World]'/minecraft:overworld
[15Jan2026 17:35:29.847] [Server thread/INFO] [net.minecraft.server.MinecraftServer/]: Saving chunks for level 'ServerLevel[New World]'/minecraft:the_end
[15Jan2026 17:35:29.850] [Server thread/INFO] [net.minecraft.server.MinecraftServer/]: Saving chunks for level 'ServerLevel[New World]'/minecraft:the_nether
[15Jan2026 17:35:33.285] [Server thread/INFO] [net.minecraft.client.server.IntegratedServer/]: Saving and pausing game...
[15Jan2026 17:35:33.289] [Server thread/INFO] [net.minecraft.server.MinecraftServer/]: Saving chunks for level 'ServerLevel[New World]'/minecraft:overworld
[15Jan2026 17:35:33.291] [Server thread/INFO] [net.minecraft.server.MinecraftServer/]: Saving chunks for level 'ServerLevel[New World]'/minecraft:the_end
[15Jan2026 17:35:33.292] [Server thread/INFO] [net.minecraft.server.MinecraftServer/]: Saving chunks for level 'ServerLevel[New World]'/minecraft:the_nether
[15Jan2026 17:35:41.404] [Server thread/WARN] [net.minecraft.server.MinecraftServer/]: Can't keep up! Is the server overloaded? Running 1021ms or 1021 ticks behind
[15Jan2026 17:35:45.311] [Server thread/INFO] [net.minecraft.server.MinecraftServer/]: [Dev: Set the target tick rate to 20.0 per second]
[15Jan2026 17:35:45.312] [Render thread/INFO] [net.minecraft.client.gui.components.ChatComponent/]: [System] [CHAT] Set the target tick rate to 20.0 per second
[15Jan2026 17:36:08.349] [Server thread/INFO] [net.minecraft.client.server.IntegratedServer/]: Saving and pausing game...
[15Jan2026 17:36:08.360] [Server thread/INFO] [net.minecraft.server.MinecraftServer/]: Saving chunks for level 'ServerLevel[New World]'/minecraft:overworld
[15Jan2026 17:36:08.366] [Server thread/INFO] [net.minecraft.server.MinecraftServer/]: Saving chunks for level 'ServerLevel[New World]'/minecraft:the_end
[15Jan2026 17:36:08.368] [Server thread/INFO] [net.minecraft.server.MinecraftServer/]: Saving chunks for level 'ServerLevel[New World]'/minecraft:the_nether
[15Jan2026 17:36:19.448] [Server thread/INFO] [net.minecraft.client.server.IntegratedServer/]: Saving and pausing game...
[15Jan2026 17:36:19.452] [Server thread/INFO] [net.minecraft.server.MinecraftServer/]: Saving chunks for level 'ServerLevel[New World]'/minecraft:overworld
[15Jan2026 17:36:19.455] [Server thread/INFO] [net.minecraft.server.MinecraftServer/]: Saving chunks for level 'ServerLevel[New World]'/minecraft:the_end
[15Jan2026 17:36:19.458] [Server thread/INFO] [net.minecraft.server.MinecraftServer/]: Saving chunks for level 'ServerLevel[New World]'/minecraft:the_nether
[15Jan2026 17:36:24.639] [Server thread/INFO] [net.minecraft.server.MinecraftServer/]: Dev has made the advancement [Sturdy Foundation]
[15Jan2026 17:36:24.641] [Render thread/INFO] [net.minecraft.client.gui.components.ChatComponent/]: [System] [CHAT] Dev has made the advancement [Sturdy Foundation]
[15Jan2026 17:36:24.657] [Render thread/INFO] [net.minecraft.advancements.AdvancementTree/]: Loaded 40 advancements
[15Jan2026 17:36:30.098] [Server thread/INFO] [net.minecraft.client.server.IntegratedServer/]: Saving and pausing game...
[15Jan2026 17:36:30.101] [Server thread/INFO] [net.minecraft.server.MinecraftServer/]: Saving chunks for level 'ServerLevel[New World]'/minecraft:overworld
[15Jan2026 17:36:30.104] [Server thread/INFO] [net.minecraft.server.MinecraftServer/]: Saving chunks for level 'ServerLevel[New World]'/minecraft:the_end
[15Jan2026 17:36:30.104] [Server thread/INFO] [net.minecraft.server.MinecraftServer/]: Saving chunks for level 'ServerLevel[New World]'/minecraft:the_nether
[15Jan2026 17:36:30.797] [Render thread/INFO] [mezz.jei.library.startup.JeiStarter/]: Stopping JEI
[15Jan2026 17:36:30.798] [Render thread/INFO] [mezz.jei.library.load.PluginCaller/]: Sending Runtime Unavailable...
[15Jan2026 17:36:30.798] [Render thread/INFO] [mezz.jei.neoforge.plugins.neoforge.NeoForgeGuiPlugin/]: Stopping JEI GUI
[15Jan2026 17:36:30.800] [Render thread/INFO] [mezz.jei.library.load.PluginCaller/]: Sending Runtime Unavailable took 2.253 milliseconds
[15Jan2026 17:36:30.854] [Server thread/INFO] [net.minecraft.server.network.ServerGamePacketListenerImpl/]: Dev lost connection: Disconnected
[15Jan2026 17:36:30.854] [Server thread/INFO] [net.minecraft.server.MinecraftServer/]: Dev left the game
[15Jan2026 17:36:30.858] [Server thread/INFO] [net.minecraft.server.network.ServerCommonPacketListenerImpl/]: Stopping singleplayer server as player logged out
[15Jan2026 17:36:30.899] [Server thread/INFO] [net.minecraft.server.MinecraftServer/]: Stopping server
[15Jan2026 17:36:30.899] [Server thread/INFO] [net.minecraft.server.MinecraftServer/]: Saving players
[15Jan2026 17:36:30.899] [Server thread/INFO] [net.minecraft.server.MinecraftServer/]: Saving worlds
[15Jan2026 17:36:31.638] [Server thread/INFO] [net.minecraft.server.MinecraftServer/]: Saving chunks for level 'ServerLevel[New World]'/minecraft:overworld
[15Jan2026 17:36:31.703] [Server thread/INFO] [net.minecraft.server.MinecraftServer/]: Saving chunks for level 'ServerLevel[New World]'/minecraft:the_end
[15Jan2026 17:36:31.708] [Server thread/INFO] [net.minecraft.server.MinecraftServer/]: Saving chunks for level 'ServerLevel[New World]'/minecraft:the_nether
[15Jan2026 17:36:31.715] [Server thread/INFO] [net.minecraft.server.MinecraftServer/]: ThreadedAnvilChunkStorage (New World): All chunks are saved
[15Jan2026 17:36:31.715] [Server thread/INFO] [net.minecraft.server.MinecraftServer/]: ThreadedAnvilChunkStorage (DIM1): All chunks are saved
[15Jan2026 17:36:31.715] [Server thread/INFO] [net.minecraft.server.MinecraftServer/]: ThreadedAnvilChunkStorage (DIM-1): All chunks are saved
[15Jan2026 17:36:31.715] [Server thread/INFO] [net.minecraft.server.MinecraftServer/]: ThreadedAnvilChunkStorage: All dimensions are saved
[15Jan2026 17:36:32.250] [Render thread/INFO] [net.minecraft.client.Minecraft/]: Stopping!
